Archive member included because of file (symbol)

c:/winavr-20100110/bin/../lib/gcc/avr/4.3.3/avr5\libgcc.a(_exit.o)
                              c:/winavr-20100110/bin/../lib/gcc/avr/4.3.3/../../../../avr/lib/avr5/crtm644p.o (exit)
c:/winavr-20100110/bin/../lib/gcc/avr/4.3.3/avr5\libgcc.a(_copy_data.o)
                              ip_arp_udp_tcp.o (__do_copy_data)
c:/winavr-20100110/bin/../lib/gcc/avr/4.3.3/avr5\libgcc.a(_clear_bss.o)
                              enc28j60.o (__do_clear_bss)

Allocating common symbols
Common symbol       size              file

push4               0x2               main.o
zmiana              0x1               main.o
t                   0x2               main.o
t3                  0x2               main.o
p                   0x2               main.o
zrodlo2             0x1               main.o
nat2                0x2               main.o
swiatlo3            0x1               main.o
swiatlo5            0x1               main.o
przycisk            0x2               main.o
temp_out_L          0x1               main.o
temp_d              0x2               main.o
irda                0x1               main.o
dane                0x1a              main.o
temp_in             0x2               main.o
push3_up            0x1               main.o
t2                  0x2               main.o
ha                  0x2               main.o
nat4                0x2               main.o
nats3               0x1               main.o
plen                0x2               main.o
swiatlo1            0x1               main.o
tha                 0x2               main.o
temp_out_H          0x1               main.o
led                 0x1               main.o
nat3                0x2               main.o
stan1               0x2               main.o
nats5               0x1               main.o
push4_up            0x1               main.o
led_delay           0x1               main.o
push_up             0x1               main.o
nats1               0x1               main.o
nats4               0x1               main.o
push5               0x2               main.o
push3               0x2               main.o
push_down           0x1               main.o
t1                  0x2               main.o
ua                  0x2               main.o
zrodlo3             0x1               main.o
push2_up            0x1               main.o
zrodlo5             0x1               main.o
push2               0x2               main.o
push5_up            0x1               main.o
rh_in               0x2               main.o
czujka              0x1               main.o
zrodlo4             0x1               main.o
nat5                0x2               main.o
swiatlo2            0x1               main.o
swiatlo4            0x1               main.o
klimat              0x1               main.o
cmdval              0x1               main.o
ta                  0x2               main.o
nat1                0x2               main.o
nats2               0x1               main.o
temp_n              0x2               main.o
zrodlo1             0x1               main.o
pilot_licz          0x2               main.o
d_n                 0x1               main.o
push                0x2               main.o

Memory Configuration

Name             Origin             Length             Attributes
text             0x00000000         0x00020000         xr
data             0x00800060         0x0000ffa0         rw !x
eeprom           0x00810000         0x00010000         rw !x
fuse             0x00820000         0x00000400         rw !x
lock             0x00830000         0x00000400         rw !x
signature        0x00840000         0x00000400         rw !x
*default*        0x00000000         0xffffffff

Linker script and memory map

Address of section .data set to 0x800100
LOAD c:/winavr-20100110/bin/../lib/gcc/avr/4.3.3/../../../../avr/lib/avr5/crtm644p.o
LOAD enc28j60.o
LOAD ip_arp_udp_tcp.o
LOAD timeout.o
LOAD main.o
LOAD c:/winavr-20100110/bin/../lib/gcc/avr/4.3.3/../../../../avr/lib/avr5\libm.a
LOAD c:/winavr-20100110/bin/../lib/gcc/avr/4.3.3/avr5\libgcc.a
LOAD c:/winavr-20100110/bin/../lib/gcc/avr/4.3.3/../../../../avr/lib/avr5\libc.a
LOAD c:/winavr-20100110/bin/../lib/gcc/avr/4.3.3/avr5\libgcc.a

.hash
 *(.hash)

.dynsym
 *(.dynsym)

.dynstr
 *(.dynstr)

.gnu.version
 *(.gnu.version)

.gnu.version_d
 *(.gnu.version_d)

.gnu.version_r
 *(.gnu.version_r)

.rel.init
 *(.rel.init)

.rela.init
 *(.rela.init)

.rel.text
 *(.rel.text)
 *(.rel.text.*)
 *(.rel.gnu.linkonce.t*)

.rela.text
 *(.rela.text)
 *(.rela.text.*)
 *(.rela.gnu.linkonce.t*)

.rel.fini
 *(.rel.fini)

.rela.fini
 *(.rela.fini)

.rel.rodata
 *(.rel.rodata)
 *(.rel.rodata.*)
 *(.rel.gnu.linkonce.r*)

.rela.rodata
 *(.rela.rodata)
 *(.rela.rodata.*)
 *(.rela.gnu.linkonce.r*)

.rel.data
 *(.rel.data)
 *(.rel.data.*)
 *(.rel.gnu.linkonce.d*)

.rela.data
 *(.rela.data)
 *(.rela.data.*)
 *(.rela.gnu.linkonce.d*)

.rel.ctors
 *(.rel.ctors)

.rela.ctors
 *(.rela.ctors)

.rel.dtors
 *(.rel.dtors)

.rela.dtors
 *(.rela.dtors)

.rel.got
 *(.rel.got)

.rela.got
 *(.rela.got)

.rel.bss
 *(.rel.bss)

.rela.bss
 *(.rela.bss)

.rel.plt
 *(.rel.plt)

.rela.plt
 *(.rela.plt)

.text           0x00000000     0x150a
 *(.vectors)
 .vectors       0x00000000       0x7c c:/winavr-20100110/bin/../lib/gcc/avr/4.3.3/../../../../avr/lib/avr5/crtm644p.o
                0x00000000                __vectors
                0x00000000                __vector_default
 *(.vectors)
 *(.progmem.gcc*)
 *(.progmem*)
 .progmem.data  0x0000007c        0x8 ip_arp_udp_tcp.o
                0x0000007c                arpreqhdr
                0x00000084                . = ALIGN (0x2)
                0x00000084                __trampolines_start = .
 *(.trampolines)
 .trampolines   0x00000084        0x0 linker stubs
 *(.trampolines*)
                0x00000084                __trampolines_end = .
 *(.jumptables)
 *(.jumptables*)
 *(.lowtext)
 *(.lowtext*)
                0x00000084                __ctors_start = .
 *(.ctors)
                0x00000084                __ctors_end = .
                0x00000084                __dtors_start = .
 *(.dtors)
                0x00000084                __dtors_end = .
 SORT(*)(.ctors)
 SORT(*)(.dtors)
 *(.init0)
 .init0         0x00000084        0x0 c:/winavr-20100110/bin/../lib/gcc/avr/4.3.3/../../../../avr/lib/avr5/crtm644p.o
                0x00000084                __init
 *(.init0)
 *(.init1)
 *(.init1)
 *(.init2)
 .init2         0x00000084        0xc c:/winavr-20100110/bin/../lib/gcc/avr/4.3.3/../../../../avr/lib/avr5/crtm644p.o
 *(.init2)
 *(.init3)
 *(.init3)
 *(.init4)
 .init4         0x00000090       0x16 c:/winavr-20100110/bin/../lib/gcc/avr/4.3.3/avr5\libgcc.a(_copy_data.o)
                0x00000090                __do_copy_data
 .init4         0x000000a6       0x10 c:/winavr-20100110/bin/../lib/gcc/avr/4.3.3/avr5\libgcc.a(_clear_bss.o)
                0x000000a6                __do_clear_bss
 *(.init4)
 *(.init5)
 *(.init5)
 *(.init6)
 *(.init6)
 *(.init7)
 *(.init7)
 *(.init8)
 *(.init8)
 *(.init9)
 .init9         0x000000b6        0x8 c:/winavr-20100110/bin/../lib/gcc/avr/4.3.3/../../../../avr/lib/avr5/crtm644p.o
 *(.init9)
 *(.text)
 .text          0x000000be        0x4 c:/winavr-20100110/bin/../lib/gcc/avr/4.3.3/../../../../avr/lib/avr5/crtm644p.o
                0x000000be                __vector_22
                0x000000be                __vector_28
                0x000000be                __vector_1
                0x000000be                __vector_24
                0x000000be                __vector_12
                0x000000be                __bad_interrupt
                0x000000be                __vector_6
                0x000000be                __vector_3
                0x000000be                __vector_23
                0x000000be                __vector_30
                0x000000be                __vector_25
                0x000000be                __vector_11
                0x000000be                __vector_13
                0x000000be                __vector_17
                0x000000be                __vector_19
                0x000000be                __vector_7
                0x000000be                __vector_27
                0x000000be                __vector_5
                0x000000be                __vector_4
                0x000000be                __vector_9
                0x000000be                __vector_2
                0x000000be                __vector_21
                0x000000be                __vector_15
                0x000000be                __vector_29
                0x000000be                __vector_8
                0x000000be                __vector_26
                0x000000be                __vector_14
                0x000000be                __vector_10
                0x000000be                __vector_16
                0x000000be                __vector_20
 .text          0x000000c2      0x4e0 enc28j60.o
                0x00000106                enc28j60ReadBuffer
                0x00000168                enc28j60SetBank
                0x0000025a                enc28j60Init
                0x000000ec                enc28j60WriteOp
                0x000001e0                enc28j60PhyReadH
                0x000001b0                enc28j60Read
                0x0000013c                enc28j60WriteBuffer
                0x00000212                enc28j60PhyWrite
                0x000003b2                enc28j60getrev
                0x0000024e                enc28j60clkout
                0x00000466                enc28j60PacketReceive
                0x0000045a                enc28j60hasRxPkt
                0x000000c2                enc28j60ReadOp
                0x000003ba                enc28j60linkup
                0x000001c4                enc28j60Write
                0x000003cc                enc28j60PacketSend
 .text          0x000005a2      0x6e8 ip_arp_udp_tcp.o
                0x00000698                init_ip_arp_udp_tcp
                0x00000a44                make_udp_reply_from_request
                0x000006e8                check_ip_message_is_from
                0x00000884                fill_tcp_data_p
                0x000009ca                make_tcp_synack_from_syn
                0x0000074c                eth_type_is_ip_and_my_ip
                0x000007a6                fill_ip_hdr_checksum
                0x000008da                make_tcp_ack_with_data_noflags
                0x000008aa                fill_tcp_data_len
                0x000008d0                register_ping_rec_callback
                0x00000714                eth_type_is_arp_and_my_ip
                0x00000998                www_server_reply
                0x000007d4                make_ip
                0x00000ad8                make_echo_reply_from_request
                0x00000c48                fill_tcp_data
                0x000007f6                step_seq
                0x00000820                make_tcphead
                0x0000078c                make_eth
                0x00000b14                make_arp_answer_from_request
                0x000005a2                checksum
                0x0000092a                make_tcp_ack_from_any
                0x00000b64                packetloop_icmp_tcp
                0x0000084e                get_tcp_data_len
 .text          0x00000c8a       0x30 timeout.o
                0x00000cb6                wd_kick
                0x00000c9e                wd_init
                0x00000c8a                delay_ms
 .text          0x00000cba      0x84c main.o
                0x00000cba                zloz_pakiet
                0x00000f9a                main
                0x00000f14                SystemInit
                0x00000f62                __vector_18
 .text          0x00001506        0x0 c:/winavr-20100110/bin/../lib/gcc/avr/4.3.3/avr5\libgcc.a(_exit.o)
 .text          0x00001506        0x0 c:/winavr-20100110/bin/../lib/gcc/avr/4.3.3/avr5\libgcc.a(_copy_data.o)
 .text          0x00001506        0x0 c:/winavr-20100110/bin/../lib/gcc/avr/4.3.3/avr5\libgcc.a(_clear_bss.o)
                0x00001506                . = ALIGN (0x2)
 *(.text.*)
 .text.libgcc   0x00001506        0x0 c:/winavr-20100110/bin/../lib/gcc/avr/4.3.3/avr5\libgcc.a(_exit.o)
 .text.libgcc   0x00001506        0x0 c:/winavr-20100110/bin/../lib/gcc/avr/4.3.3/avr5\libgcc.a(_copy_data.o)
 .text.libgcc   0x00001506        0x0 c:/winavr-20100110/bin/../lib/gcc/avr/4.3.3/avr5\libgcc.a(_clear_bss.o)
                0x00001506                . = ALIGN (0x2)
 *(.fini9)
 .fini9         0x00001506        0x0 c:/winavr-20100110/bin/../lib/gcc/avr/4.3.3/avr5\libgcc.a(_exit.o)
                0x00001506                exit
                0x00001506                _exit
 *(.fini9)
 *(.fini8)
 *(.fini8)
 *(.fini7)
 *(.fini7)
 *(.fini6)
 *(.fini6)
 *(.fini5)
 *(.fini5)
 *(.fini4)
 *(.fini4)
 *(.fini3)
 *(.fini3)
 *(.fini2)
 *(.fini2)
 *(.fini1)
 *(.fini1)
 *(.fini0)
 .fini0         0x00001506        0x4 c:/winavr-20100110/bin/../lib/gcc/avr/4.3.3/avr5\libgcc.a(_exit.o)
 *(.fini0)
                0x0000150a                _etext = .

.data           0x00800100       0x20 load address 0x0000150a
                0x00800100                PROVIDE (__data_start, .)
 *(.data)
 .data          0x00800100        0x0 c:/winavr-20100110/bin/../lib/gcc/avr/4.3.3/../../../../avr/lib/avr5/crtm644p.o
 .data          0x00800100        0x0 enc28j60.o
 .data          0x00800100        0x2 ip_arp_udp_tcp.o
 .data          0x00800102        0x0 timeout.o
 .data          0x00800102       0x1d main.o
 .data          0x0080011f        0x0 c:/winavr-20100110/bin/../lib/gcc/avr/4.3.3/avr5\libgcc.a(_exit.o)
 .data          0x0080011f        0x0 c:/winavr-20100110/bin/../lib/gcc/avr/4.3.3/avr5\libgcc.a(_copy_data.o)
 .data          0x0080011f        0x0 c:/winavr-20100110/bin/../lib/gcc/avr/4.3.3/avr5\libgcc.a(_clear_bss.o)
 *(.data*)
 *(.rodata)
 *(.rodata*)
 *(.gnu.linkonce.d*)
                0x00800120                . = ALIGN (0x2)
 *fill*         0x0080011f        0x1 00
                0x00800120                _edata = .
                0x00800120                PROVIDE (__data_end, .)

.bss            0x00800120      0x633
                0x00800120                PROVIDE (__bss_start, .)
 *(.bss)
 .bss           0x00800120        0x0 c:/winavr-20100110/bin/../lib/gcc/avr/4.3.3/../../../../avr/lib/avr5/crtm644p.o
 .bss           0x00800120        0x3 enc28j60.o
 .bss           0x00800123        0xf ip_arp_udp_tcp.o
 .bss           0x00800132        0x0 timeout.o
 .bss           0x00800132      0x5b2 main.o
                0x00800133                cmd_pos
                0x00800135                z
                0x00800132                i
                0x00800137                reset_time
                0x00800134                payloadlen
 .bss           0x008006e4        0x0 c:/winavr-20100110/bin/../lib/gcc/avr/4.3.3/avr5\libgcc.a(_exit.o)
 .bss           0x008006e4        0x0 c:/winavr-20100110/bin/../lib/gcc/avr/4.3.3/avr5\libgcc.a(_copy_data.o)
 .bss           0x008006e4        0x0 c:/winavr-20100110/bin/../lib/gcc/avr/4.3.3/avr5\libgcc.a(_clear_bss.o)
 *(.bss*)
 *(COMMON)
 COMMON         0x008006e4       0x6f main.o
                0x008006e4                push4
                0x008006e6                zmiana
                0x008006e7                t
                0x008006e9                t3
                0x008006eb                p
                0x008006ed                zrodlo2
                0x008006ee                nat2
                0x008006f0                swiatlo3
                0x008006f1                swiatlo5
                0x008006f2                przycisk
                0x008006f4                temp_out_L
                0x008006f5                temp_d
                0x008006f7                irda
                0x008006f8                dane
                0x00800712                temp_in
                0x00800714                push3_up
                0x00800715                t2
                0x00800717                ha
                0x00800719                nat4
                0x0080071b                nats3
                0x0080071c                plen
                0x0080071e                swiatlo1
                0x0080071f                tha
                0x00800721                temp_out_H
                0x00800722                led
                0x00800723                nat3
                0x00800725                stan1
                0x00800727                nats5
                0x00800728                push4_up
                0x00800729                led_delay
                0x0080072a                push_up
                0x0080072b                nats1
                0x0080072c                nats4
                0x0080072d                push5
                0x0080072f                push3
                0x00800731                push_down
                0x00800732                t1
                0x00800734                ua
                0x00800736                zrodlo3
                0x00800737                push2_up
                0x00800738                zrodlo5
                0x00800739                push2
                0x0080073b                push5_up
                0x0080073c                rh_in
                0x0080073e                czujka
                0x0080073f                zrodlo4
                0x00800740                nat5
                0x00800742                swiatlo2
                0x00800743                swiatlo4
                0x00800744                klimat
                0x00800745                cmdval
                0x00800746                ta
                0x00800748                nat1
                0x0080074a                nats2
                0x0080074b                temp_n
                0x0080074d                zrodlo1
                0x0080074e                pilot_licz
                0x00800750                d_n
                0x00800751                push
                0x00800753                PROVIDE (__bss_end, .)
                0x0000150a                __data_load_start = LOADADDR (.data)
                0x0000152a                __data_load_end = (__data_load_start + SIZEOF (.data))

.noinit         0x00800753        0x0
                0x00800753                PROVIDE (__noinit_start, .)
 *(.noinit*)
                0x00800753                PROVIDE (__noinit_end, .)
                0x00800753                _end = .
                0x00800753                PROVIDE (__heap_start, .)

.eeprom         0x00810000        0x0
 *(.eeprom*)
                0x00810000                __eeprom_end = .

.fuse
 *(.fuse)
 *(.lfuse)
 *(.hfuse)
 *(.efuse)

.lock
 *(.lock*)

.signature
 *(.signature*)

.stab
 *(.stab)

.stabstr
 *(.stabstr)

.stab.excl
 *(.stab.excl)

.stab.exclstr
 *(.stab.exclstr)

.stab.index
 *(.stab.index)

.stab.indexstr
 *(.stab.indexstr)

.comment
 *(.comment)

.debug
 *(.debug)

.line
 *(.line)

.debug_srcinfo
 *(.debug_srcinfo)

.debug_sfnames
 *(.debug_sfnames)

.debug_aranges  0x00000000       0x80
 *(.debug_aranges)
 .debug_aranges
                0x00000000       0x20 enc28j60.o
 .debug_aranges
                0x00000020       0x20 ip_arp_udp_tcp.o
 .debug_aranges
                0x00000040       0x20 timeout.o
 .debug_aranges
                0x00000060       0x20 main.o

.debug_pubnames
                0x00000000      0x6c4
 *(.debug_pubnames)
 .debug_pubnames
                0x00000000      0x159 enc28j60.o
 .debug_pubnames
                0x00000159      0x246 ip_arp_udp_tcp.o
 .debug_pubnames
                0x0000039f       0x37 timeout.o
 .debug_pubnames
                0x000003d6      0x2ee main.o

.debug_info     0x00000000     0x1529
 *(.debug_info)
 .debug_info    0x00000000      0x4df enc28j60.o
 .debug_info    0x000004df      0x87c ip_arp_udp_tcp.o
 .debug_info    0x00000d5b      0x145 timeout.o
 .debug_info    0x00000ea0      0x689 main.o
 *(.gnu.linkonce.wi.*)

.debug_abbrev   0x00000000      0x5d5
 *(.debug_abbrev)
 .debug_abbrev  0x00000000      0x1a9 enc28j60.o
 .debug_abbrev  0x000001a9      0x231 ip_arp_udp_tcp.o
 .debug_abbrev  0x000003da       0xcc timeout.o
 .debug_abbrev  0x000004a6      0x12f main.o

.debug_line     0x00000000     0x1b1e
 *(.debug_line)
 .debug_line    0x00000000      0x635 enc28j60.o
 .debug_line    0x00000635      0x7e7 ip_arp_udp_tcp.o
 .debug_line    0x00000e1c      0x13b timeout.o
 .debug_line    0x00000f57      0xbc7 main.o

.debug_frame    0x00000000      0x320
 *(.debug_frame)
 .debug_frame   0x00000000      0x110 enc28j60.o
 .debug_frame   0x00000110      0x180 ip_arp_udp_tcp.o
 .debug_frame   0x00000290       0x40 timeout.o
 .debug_frame   0x000002d0       0x50 main.o

.debug_str      0x00000000      0x6b6
 *(.debug_str)
 .debug_str     0x00000000      0x21b enc28j60.o
                                0x25c (size before relaxing)
 .debug_str     0x0000021b      0x289 ip_arp_udp_tcp.o
                                0x364 (size before relaxing)
 .debug_str     0x000004a4       0x1a timeout.o
                                 0xfa (size before relaxing)
 .debug_str     0x000004be      0x1f8 main.o
                                0x291 (size before relaxing)

.debug_loc      0x00000000      0xa27
 *(.debug_loc)
 .debug_loc     0x00000000      0x333 enc28j60.o
 .debug_loc     0x00000333      0x6b4 ip_arp_udp_tcp.o
 .debug_loc     0x000009e7       0x40 main.o

.debug_macinfo
 *(.debug_macinfo)
OUTPUT(main.elf elf32-avr)
LOAD linker stubs

Cross Reference Table

Symbol                                            File
SystemInit                                        main.o
__bad_interrupt                                   c:/winavr-20100110/bin/../lib/gcc/avr/4.3.3/../../../../avr/lib/avr5/crtm644p.o
__bss_end                                         c:/winavr-20100110/bin/../lib/gcc/avr/4.3.3/avr5\libgcc.a(_clear_bss.o)
__bss_start                                       c:/winavr-20100110/bin/../lib/gcc/avr/4.3.3/avr5\libgcc.a(_clear_bss.o)
__data_end                                        c:/winavr-20100110/bin/../lib/gcc/avr/4.3.3/avr5\libgcc.a(_copy_data.o)
__data_load_start                                 c:/winavr-20100110/bin/../lib/gcc/avr/4.3.3/avr5\libgcc.a(_copy_data.o)
__data_start                                      c:/winavr-20100110/bin/../lib/gcc/avr/4.3.3/avr5\libgcc.a(_copy_data.o)
__do_clear_bss                                    c:/winavr-20100110/bin/../lib/gcc/avr/4.3.3/avr5\libgcc.a(_clear_bss.o)
                                                  main.o
                                                  ip_arp_udp_tcp.o
                                                  enc28j60.o
__do_copy_data                                    c:/winavr-20100110/bin/../lib/gcc/avr/4.3.3/avr5\libgcc.a(_copy_data.o)
                                                  main.o
                                                  ip_arp_udp_tcp.o
__heap_end                                        c:/winavr-20100110/bin/../lib/gcc/avr/4.3.3/../../../../avr/lib/avr5/crtm644p.o
__init                                            c:/winavr-20100110/bin/../lib/gcc/avr/4.3.3/../../../../avr/lib/avr5/crtm644p.o
__stack                                           c:/winavr-20100110/bin/../lib/gcc/avr/4.3.3/../../../../avr/lib/avr5/crtm644p.o
__vector_1                                        c:/winavr-20100110/bin/../lib/gcc/avr/4.3.3/../../../../avr/lib/avr5/crtm644p.o
__vector_10                                       c:/winavr-20100110/bin/../lib/gcc/avr/4.3.3/../../../../avr/lib/avr5/crtm644p.o
__vector_11                                       c:/winavr-20100110/bin/../lib/gcc/avr/4.3.3/../../../../avr/lib/avr5/crtm644p.o
__vector_12                                       c:/winavr-20100110/bin/../lib/gcc/avr/4.3.3/../../../../avr/lib/avr5/crtm644p.o
__vector_13                                       c:/winavr-20100110/bin/../lib/gcc/avr/4.3.3/../../../../avr/lib/avr5/crtm644p.o
__vector_14                                       c:/winavr-20100110/bin/../lib/gcc/avr/4.3.3/../../../../avr/lib/avr5/crtm644p.o
__vector_15                                       c:/winavr-20100110/bin/../lib/gcc/avr/4.3.3/../../../../avr/lib/avr5/crtm644p.o
__vector_16                                       c:/winavr-20100110/bin/../lib/gcc/avr/4.3.3/../../../../avr/lib/avr5/crtm644p.o
__vector_17                                       c:/winavr-20100110/bin/../lib/gcc/avr/4.3.3/../../../../avr/lib/avr5/crtm644p.o
__vector_18                                       main.o
                                                  c:/winavr-20100110/bin/../lib/gcc/avr/4.3.3/../../../../avr/lib/avr5/crtm644p.o
__vector_19                                       c:/winavr-20100110/bin/../lib/gcc/avr/4.3.3/../../../../avr/lib/avr5/crtm644p.o
__vector_2                                        c:/winavr-20100110/bin/../lib/gcc/avr/4.3.3/../../../../avr/lib/avr5/crtm644p.o
__vector_20                                       c:/winavr-20100110/bin/../lib/gcc/avr/4.3.3/../../../../avr/lib/avr5/crtm644p.o
__vector_21                                       c:/winavr-20100110/bin/../lib/gcc/avr/4.3.3/../../../../avr/lib/avr5/crtm644p.o
__vector_22                                       c:/winavr-20100110/bin/../lib/gcc/avr/4.3.3/../../../../avr/lib/avr5/crtm644p.o
__vector_23                                       c:/winavr-20100110/bin/../lib/gcc/avr/4.3.3/../../../../avr/lib/avr5/crtm644p.o
__vector_24                                       c:/winavr-20100110/bin/../lib/gcc/avr/4.3.3/../../../../avr/lib/avr5/crtm644p.o
__vector_25                                       c:/winavr-20100110/bin/../lib/gcc/avr/4.3.3/../../../../avr/lib/avr5/crtm644p.o
__vector_26                                       c:/winavr-20100110/bin/../lib/gcc/avr/4.3.3/../../../../avr/lib/avr5/crtm644p.o
__vector_27                                       c:/winavr-20100110/bin/../lib/gcc/avr/4.3.3/../../../../avr/lib/avr5/crtm644p.o
__vector_28                                       c:/winavr-20100110/bin/../lib/gcc/avr/4.3.3/../../../../avr/lib/avr5/crtm644p.o
__vector_29                                       c:/winavr-20100110/bin/../lib/gcc/avr/4.3.3/../../../../avr/lib/avr5/crtm644p.o
__vector_3                                        c:/winavr-20100110/bin/../lib/gcc/avr/4.3.3/../../../../avr/lib/avr5/crtm644p.o
__vector_30                                       c:/winavr-20100110/bin/../lib/gcc/avr/4.3.3/../../../../avr/lib/avr5/crtm644p.o
__vector_4                                        c:/winavr-20100110/bin/../lib/gcc/avr/4.3.3/../../../../avr/lib/avr5/crtm644p.o
__vector_5                                        c:/winavr-20100110/bin/../lib/gcc/avr/4.3.3/../../../../avr/lib/avr5/crtm644p.o
__vector_6                                        c:/winavr-20100110/bin/../lib/gcc/avr/4.3.3/../../../../avr/lib/avr5/crtm644p.o
__vector_7                                        c:/winavr-20100110/bin/../lib/gcc/avr/4.3.3/../../../../avr/lib/avr5/crtm644p.o
__vector_8                                        c:/winavr-20100110/bin/../lib/gcc/avr/4.3.3/../../../../avr/lib/avr5/crtm644p.o
__vector_9                                        c:/winavr-20100110/bin/../lib/gcc/avr/4.3.3/../../../../avr/lib/avr5/crtm644p.o
__vector_default                                  c:/winavr-20100110/bin/../lib/gcc/avr/4.3.3/../../../../avr/lib/avr5/crtm644p.o
__vectors                                         c:/winavr-20100110/bin/../lib/gcc/avr/4.3.3/../../../../avr/lib/avr5/crtm644p.o
_exit                                             c:/winavr-20100110/bin/../lib/gcc/avr/4.3.3/avr5\libgcc.a(_exit.o)
arpreqhdr                                         ip_arp_udp_tcp.o
check_ip_message_is_from                          ip_arp_udp_tcp.o
checksum                                          ip_arp_udp_tcp.o
cmd_pos                                           main.o
cmdval                                            main.o
czujka                                            main.o
d_n                                               main.o
dane                                              main.o
delay_ms                                          timeout.o
enc28j60Init                                      enc28j60.o
                                                  main.o
enc28j60PacketReceive                             enc28j60.o
                                                  main.o
enc28j60PacketSend                                enc28j60.o
                                                  ip_arp_udp_tcp.o
enc28j60PhyReadH                                  enc28j60.o
enc28j60PhyWrite                                  enc28j60.o
                                                  main.o
enc28j60Read                                      enc28j60.o
enc28j60ReadBuffer                                enc28j60.o
enc28j60ReadOp                                    enc28j60.o
enc28j60SetBank                                   enc28j60.o
enc28j60Write                                     enc28j60.o
enc28j60WriteBuffer                               enc28j60.o
enc28j60WriteOp                                   enc28j60.o
enc28j60clkout                                    enc28j60.o
enc28j60getrev                                    enc28j60.o
enc28j60hasRxPkt                                  enc28j60.o
enc28j60linkup                                    enc28j60.o
eth_type_is_arp_and_my_ip                         ip_arp_udp_tcp.o
                                                  main.o
eth_type_is_ip_and_my_ip                          ip_arp_udp_tcp.o
                                                  main.o
exit                                              c:/winavr-20100110/bin/../lib/gcc/avr/4.3.3/avr5\libgcc.a(_exit.o)
                                                  c:/winavr-20100110/bin/../lib/gcc/avr/4.3.3/../../../../avr/lib/avr5/crtm644p.o
fill_ip_hdr_checksum                              ip_arp_udp_tcp.o
fill_tcp_data                                     ip_arp_udp_tcp.o
fill_tcp_data_len                                 ip_arp_udp_tcp.o
fill_tcp_data_p                                   ip_arp_udp_tcp.o
get_tcp_data_len                                  ip_arp_udp_tcp.o
ha                                                main.o
i                                                 main.o
init_ip_arp_udp_tcp                               ip_arp_udp_tcp.o
                                                  main.o
irda                                              main.o
klimat                                            main.o
led                                               main.o
led_delay                                         main.o
main                                              main.o
                                                  c:/winavr-20100110/bin/../lib/gcc/avr/4.3.3/../../../../avr/lib/avr5/crtm644p.o
make_arp_answer_from_request                      ip_arp_udp_tcp.o
                                                  main.o
make_echo_reply_from_request                      ip_arp_udp_tcp.o
                                                  main.o
make_eth                                          ip_arp_udp_tcp.o
make_ip                                           ip_arp_udp_tcp.o
make_tcp_ack_from_any                             ip_arp_udp_tcp.o
make_tcp_ack_with_data_noflags                    ip_arp_udp_tcp.o
make_tcp_synack_from_syn                          ip_arp_udp_tcp.o
make_tcphead                                      ip_arp_udp_tcp.o
make_udp_reply_from_request                       ip_arp_udp_tcp.o
                                                  main.o
nat1                                              main.o
nat2                                              main.o
nat3                                              main.o
nat4                                              main.o
nat5                                              main.o
nats1                                             main.o
nats2                                             main.o
nats3                                             main.o
nats4                                             main.o
nats5                                             main.o
p                                                 main.o
packetloop_icmp_tcp                               ip_arp_udp_tcp.o
payloadlen                                        main.o
pilot_licz                                        main.o
plen                                              main.o
przycisk                                          main.o
push                                              main.o
push2                                             main.o
push2_up                                          main.o
push3                                             main.o
push3_up                                          main.o
push4                                             main.o
push4_up                                          main.o
push5                                             main.o
push5_up                                          main.o
push_down                                         main.o
push_up                                           main.o
register_ping_rec_callback                        ip_arp_udp_tcp.o
reset_time                                        main.o
rh_in                                             main.o
stan1                                             main.o
step_seq                                          ip_arp_udp_tcp.o
swiatlo1                                          main.o
swiatlo2                                          main.o
swiatlo3                                          main.o
swiatlo4                                          main.o
swiatlo5                                          main.o
t                                                 main.o
t1                                                main.o
t2                                                main.o
t3                                                main.o
ta                                                main.o
temp_d                                            main.o
temp_in                                           main.o
temp_n                                            main.o
temp_out_H                                        main.o
temp_out_L                                        main.o
tha                                               main.o
ua                                                main.o
wd_init                                           timeout.o
wd_kick                                           timeout.o
www_server_reply                                  ip_arp_udp_tcp.o
z                                                 main.o
zloz_pakiet                                       main.o
zmiana                                            main.o
zrodlo1                                           main.o
zrodlo2                                           main.o
zrodlo3                                           main.o
zrodlo4                                           main.o
zrodlo5                                           main.o
